// Jest Snapshot v1, https://goo.gl/fbAQLP

exports[`render app with no data 1`] = `
<div
  className="rc-app"
>
  <div
    className="rc-app__pick_up"
  >
    <div
      className="rc-app__pick_up__title"
    >
      Where are you going?
    </div>
    <div
      className="rc-app__dropdown"
    >
      <div
        className="rc-app__pick_up--position"
      >
        <label
          htmlFor="location"
        >
          Pick-up Location
        </label>
        <input
          aria-label="Pick Up Location"
          id="location"
          onChange={[Function]}
          placeholder="city, airport, station, region and district..."
          type="text"
        />
      </div>
      <div
        className="rc-app__dropdown-content show"
      />
    </div>
    
  </div>
</div>
`;
